// Jest Snapshot v1, https://goo.gl/fbAQLP

exports[`get users games / user collection 1`] = `
<div
  class="collection"
  data-testid="ndata"
  style="height: 548px;"
>
  <h3>
    Coleção
  </h3>
  <div
    class="ScrollArea__outer___37v-o"
    style="height: 100%;"
  >
    <div
      class="Overflow__overflow___2Ugl4"
    >
      <div
        class="Inner__inner___sunA0"
        style="margin-right: -1px;"
      >
        <ul>
          <li>
            <div
              class="game-thumb card"
            >
              <img
                alt="mad max"
                class="card-img"
                src="https://res.cloudinary.com/dahwijw8w/image/upload/v1616866624/robert_crud_test/iyqagjhp0mcjxhvycyjg.jpg"
              />
              <div
                class="card-body"
              >
                <div
                  class="card-title h5"
                >
                  <a
                    href="/details/605f6d417d1c8c19247d8375"
                  >
                     
                    mad max
                     
                  </a>
                </div>
                <p>
                  for: 
                  PC
                </p>
              </div>
            </div>
          </li>
          <li>
            <div
              class="game-thumb card"
            >
              <img
                alt="the surge"
                class="card-img"
                src="https://res.cloudinary.com/dahwijw8w/image/upload/v1616866674/robert_crud_test/hltz1qvtbm75bhaoknh0.jpg"
              />
              <div
                class="card-body"
              >
                <div
                  class="card-title h5"
                >
                  <a
                    href="/details/605f6d737d1c8c19247d8376"
                  >
                     
                    the surge
                     
                  </a>
                </div>
                <p>
                  for: 
                  Playstation
                </p>
              </div>
            </div>
          </li>
        </ul>
      </div>
    </div>
    <div
      class="Track__track___NMWjQ  Track__hidden___2toS3"
      style="top: 2px; height: -4px;"
    >
      <div
        class="Handler__handler___5yegf "
        style="height: 0px; top: 0px;"
      />
    </div>
  </div>
</div>
`;
