// Jest Snapshot v1, https://goo.gl/fbAQLP

exports[`testing <AddGame/> testing proper rendering 1`] = `
<div>
  <WithStyles(ForwardRef(Card))
    className="addgame-card"
  >
    <WithStyles(ForwardRef(CardHeader))
      className="addgame-card-header"
      title="Adicionar Jogo"
    />
    <WithStyles(ForwardRef(CardActions))>
      <AutoCompleteInput
        SetTitle={[Function]}
        title=""
      />
    </WithStyles(ForwardRef(CardActions))>
    <WithStyles(ForwardRef(CardActions))>
      <WithStyles(ForwardRef(FormControl))
        className="addgame-input"
        size="small"
        variant="outlined"
      >
        <WithStyles(ForwardRef(InputLabel))
          id="demo-simple-select-outlined-label"
        >
          Console
        </WithStyles(ForwardRef(InputLabel))>
        <WithStyles(ForwardRef(Select))
          id="demo-simple-select-outlined"
          label="Console"
          labelId="demo-simple-select-outlined-label"
          onChange={[Function]}
          value=""
        >
          <WithStyles(ForwardRef(MenuItem))
            value="pc"
          >
            PC
          </WithStyles(ForwardRef(MenuItem))>
          <WithStyles(ForwardRef(MenuItem))
            value="playstation"
          >
            Playstation
          </WithStyles(ForwardRef(MenuItem))>
          <WithStyles(ForwardRef(MenuItem))
            value="xbox"
          >
            Xbox
          </WithStyles(ForwardRef(MenuItem))>
          <WithStyles(ForwardRef(MenuItem))
            value="nintendo"
          >
            Nintendo
          </WithStyles(ForwardRef(MenuItem))>
          <WithStyles(ForwardRef(MenuItem))
            value="outro"
          >
            Outro
          </WithStyles(ForwardRef(MenuItem))>
        </WithStyles(ForwardRef(Select))>
      </WithStyles(ForwardRef(FormControl))>
      <WithStyles(ForwardRef(FormControl))
        className="addgame-input"
        size="small"
        variant="outlined"
      >
        <WithStyles(ForwardRef(InputLabel))
          id="demo-simple-select-outlined-label"
        >
          Estado
        </WithStyles(ForwardRef(InputLabel))>
        <WithStyles(ForwardRef(Select))
          id="demo-simple-select-outlined"
          label="Estado"
          labelId="demo-simple-select-outlined-label"
          onChange={[Function]}
          value=""
        >
          <WithStyles(ForwardRef(MenuItem))
            value="usado"
          >
            Usado
          </WithStyles(ForwardRef(MenuItem))>
          <WithStyles(ForwardRef(MenuItem))
            value="novo"
          >
            Novo
          </WithStyles(ForwardRef(MenuItem))>
          <WithStyles(ForwardRef(MenuItem))
            value="antigo"
          >
            Antigo
          </WithStyles(ForwardRef(MenuItem))>
          <WithStyles(ForwardRef(MenuItem))
            value="lacrado"
          >
            Lacrado
          </WithStyles(ForwardRef(MenuItem))>
          <WithStyles(ForwardRef(MenuItem))
            value="outro"
          >
            Outro
          </WithStyles(ForwardRef(MenuItem))>
        </WithStyles(ForwardRef(Select))>
      </WithStyles(ForwardRef(FormControl))>
    </WithStyles(ForwardRef(CardActions))>
    <WithStyles(ForwardRef(CardActions))>
      <WithStyles(ForwardRef(TextField))
        className="addgame-input"
        id="outlined-basic"
        label="Valor"
        onChange={[Function]}
        size="small"
        variant="outlined"
      />
      <WithStyles(ForwardRef(FormControl))
        className="addgame-input"
        size="small"
        variant="outlined"
      >
        <WithStyles(ForwardRef(InputLabel))
          id="demo-simple-select-outlined-label"
        >
          Genero
        </WithStyles(ForwardRef(InputLabel))>
        <WithStyles(ForwardRef(Select))
          id="demo-simple-select-outlined"
          label="Estado"
          labelId="demo-simple-select-outlined-label"
          onChange={[Function]}
          value=""
        >
          <WithStyles(ForwardRef(MenuItem))
            value="ação"
          >
            Ação
          </WithStyles(ForwardRef(MenuItem))>
          <WithStyles(ForwardRef(MenuItem))
            value="aventura"
          >
            Aventura
          </WithStyles(ForwardRef(MenuItem))>
          <WithStyles(ForwardRef(MenuItem))
            value="esportes"
          >
            Esportes
          </WithStyles(ForwardRef(MenuItem))>
          <WithStyles(ForwardRef(MenuItem))
            value="corrida"
          >
            Corrida
          </WithStyles(ForwardRef(MenuItem))>
          <WithStyles(ForwardRef(MenuItem))
            value="luta"
          >
            Luta
          </WithStyles(ForwardRef(MenuItem))>
          <WithStyles(ForwardRef(MenuItem))
            value="outro"
          >
            Outro
          </WithStyles(ForwardRef(MenuItem))>
        </WithStyles(ForwardRef(Select))>
      </WithStyles(ForwardRef(FormControl))>
    </WithStyles(ForwardRef(CardActions))>
    <WithStyles(ForwardRef(CardActions))>
      <WithStyles(ForwardRef(FormControl))
        variant="outlined"
      >
        <WithStyles(ForwardRef(InputLabel))
          id="demo-simple-select-outlined-label"
        >
          Descrição
        </WithStyles(ForwardRef(InputLabel))>
        <ForwardRef(TextareaAutosize)
          className="addgame-textarea"
          minRows={4}
          onChange={[Function]}
        />
      </WithStyles(ForwardRef(FormControl))>
    </WithStyles(ForwardRef(CardActions))>
    <WithStyles(ForwardRef(CardActions))
      className="addgame-card-actions"
    >
      <input
        accept="image/*"
        id="contained-button-file"
        multiple={true}
        onChange={[Function]}
        style={
          Object {
            "display": "none",
          }
        }
        type="file"
      />
      <label
        htmlFor="contained-button-file"
      >
        <WithStyles(ForwardRef(Button))
          color="primary"
          component="span"
          variant="contained"
        >
          Foto
        </WithStyles(ForwardRef(Button))>
      </label>
      <button
        datatest-id="submit"
        onClick={[Function]}
      >
        Salvar
      </button>
    </WithStyles(ForwardRef(CardActions))>
  </WithStyles(ForwardRef(Card))>
</div>
`;
